0 verbose cli C:\Program Files\nodejs\node.exe C:\Program Files\nodejs\node_modules\npm\bin\npm-cli.js
1 info using npm@11.11.0
2 info using node@v24.14.1
3 silly config load:file:C:\Program Files\nodejs\node_modules\npm\npmrc
4 silly config load:file:C:\xampp\htdocs\anasilvaclinica\.npmrc
5 silly config load:file:C:\Users\Maycon Wender\.npmrc
6 silly config load:file:C:\Users\Maycon Wender\AppData\Roaming\npm\etc\npmrc
7 verbose title npm run build
8 verbose argv "run" "build"
9 verbose logfile logs-max:10 dir:C:\xampp\htdocs\anasilvaclinica\.next-cache\local\npm-cache\_logs\2026-09-08T12_53_21_306Z-
10 verbose logfile C:\xampp\htdocs\anasilvaclinica\.next-cache\local\npm-cache\_logs\2026-09-08T12_53_21_306Z-debug-0.log
11 silly logfile done cleaning log files
12 http fetch GET 200 https://registry.npmjs.org/npm 517ms
13 verbose cwd C:\xampp\htdocs\anasilvaclinica
14 verbose os Windows_NT 10.0.26200
15 verbose node v24.14.1
16 verbose npm  v11.11.0
17 notice
17 notice New [33mminor[39m version of npm available! [33m11.11.0[39m -> [34m11.19.1[39m
17 notice Changelog: [34mhttps://github.com/npm/cli/releases/tag/v11.19.1[39m
17 notice To update run: [4mnpm install -g npm@11.19.1[24m
17 notice  { force: true, Symbol(proc-log.meta): true }
18 verbose exit 1
19 verbose code 1
